------------------------------------------------------------
Timing Analyzer Summary
------------------------------------------------------------

Type  : Slow 1100mV 85C Model Setup 'VGA_SYNC:inst1|vert_sync_out'
Slack : -11.575
TNS   : -443.436

Type  : Slow 1100mV 85C Model Setup 'MOUSE:inst2|MOUSE_CLK_FILTER'
Slack : -8.005
TNS   : -282.581

Type  : Slow 1100mV 85C Model Setup 'inst3|pll_inst|altera_pll_i|general[0].gpll~PLL_OUTPUT_COUNTER|divclk'
Slack : -7.294
TNS   : -117.972

Type  : Slow 1100mV 85C Model Setup 'display_obstacle:inst8|pipes:pipes1|lfsr_clk'
Slack : -2.849
TNS   : -26.452

Type  : Slow 1100mV 85C Model Setup 'display_obstacle:inst8|pipes:pipes2|lfsr_clk'
Slack : -2.309
TNS   : -31.009

Type  : Slow 1100mV 85C Model Setup 'display_obstacle:inst8|coin:shiny_coin|lfsr_clk'
Slack : -1.868
TNS   : -23.615

Type  : Slow 1100mV 85C Model Hold 'inst3|pll_inst|altera_pll_i|general[0].gpll~PLL_OUTPUT_COUNTER|divclk'
Slack : -1.194
TNS   : -1.701

Type  : Slow 1100mV 85C Model Hold 'MOUSE:inst2|MOUSE_CLK_FILTER'
Slack : 0.798
TNS   : 0.000

Type  : Slow 1100mV 85C Model Hold 'VGA_SYNC:inst1|vert_sync_out'
Slack : 0.835
TNS   : 0.000

Type  : Slow 1100mV 85C Model Hold 'display_obstacle:inst8|pipes:pipes1|lfsr_clk'
Slack : 0.857
TNS   : 0.000

Type  : Slow 1100mV 85C Model Hold 'display_obstacle:inst8|pipes:pipes2|lfsr_clk'
Slack : 0.890
TNS   : 0.000

Type  : Slow 1100mV 85C Model Hold 'display_obstacle:inst8|coin:shiny_coin|lfsr_clk'
Slack : 0.926
TNS   : 0.000

Type  : Slow 1100mV 85C Model Recovery 'MOUSE:inst2|MOUSE_CLK_FILTER'
Slack : -6.882
TNS   : -105.925

Type  : Slow 1100mV 85C Model Recovery 'VGA_SYNC:inst1|vert_sync_out'
Slack : -6.707
TNS   : -301.427

Type  : Slow 1100mV 85C Model Recovery 'inst3|pll_inst|altera_pll_i|general[0].gpll~PLL_OUTPUT_COUNTER|divclk'
Slack : 36.652
TNS   : 0.000

Type  : Slow 1100mV 85C Model Removal 'inst3|pll_inst|altera_pll_i|general[0].gpll~PLL_OUTPUT_COUNTER|divclk'
Slack : 1.366
TNS   : 0.000

Type  : Slow 1100mV 85C Model Removal 'VGA_SYNC:inst1|vert_sync_out'
Slack : 5.074
TNS   : 0.000

Type  : Slow 1100mV 85C Model Removal 'MOUSE:inst2|MOUSE_CLK_FILTER'
Slack : 5.471
TNS   : 0.000

Type  : Slow 1100mV 85C Model Minimum Pulse Width 'VGA_SYNC:inst1|vert_sync_out'
Slack : -0.538
TNS   : -49.541

Type  : Slow 1100mV 85C Model Minimum Pulse Width 'MOUSE:inst2|MOUSE_CLK_FILTER'
Slack : -0.538
TNS   : -29.988

Type  : Slow 1100mV 85C Model Minimum Pulse Width 'display_obstacle:inst8|pipes:pipes2|lfsr_clk'
Slack : -0.538
TNS   : -13.958

Type  : Slow 1100mV 85C Model Minimum Pulse Width 'display_obstacle:inst8|pipes:pipes1|lfsr_clk'
Slack : -0.538
TNS   : -11.162

Type  : Slow 1100mV 85C Model Minimum Pulse Width 'display_obstacle:inst8|coin:shiny_coin|lfsr_clk'
Slack : -0.538
TNS   : -10.976

Type  : Slow 1100mV 85C Model Minimum Pulse Width 'inst3|pll_inst|altera_pll_i|general[0].gpll~FRACTIONAL_PLL|vcoph[0]'
Slack : 1.666
TNS   : 0.000

Type  : Slow 1100mV 85C Model Minimum Pulse Width 'clk'
Slack : 9.949
TNS   : 0.000

Type  : Slow 1100mV 85C Model Minimum Pulse Width 'inst3|pll_inst|altera_pll_i|general[0].gpll~PLL_OUTPUT_COUNTER|divclk'
Slack : 18.644
TNS   : 0.000

Type  : Slow 1100mV 0C Model Setup 'VGA_SYNC:inst1|vert_sync_out'
Slack : -11.484
TNS   : -446.724

Type  : Slow 1100mV 0C Model Setup 'MOUSE:inst2|MOUSE_CLK_FILTER'
Slack : -8.043
TNS   : -276.723

Type  : Slow 1100mV 0C Model Setup 'inst3|pll_inst|altera_pll_i|general[0].gpll~PLL_OUTPUT_COUNTER|divclk'
Slack : -6.938
TNS   : -106.898

Type  : Slow 1100mV 0C Model Setup 'display_obstacle:inst8|pipes:pipes1|lfsr_clk'
Slack : -2.683
TNS   : -24.898

Type  : Slow 1100mV 0C Model Setup 'display_obstacle:inst8|pipes:pipes2|lfsr_clk'
Slack : -2.201
TNS   : -29.338

Type  : Slow 1100mV 0C Model Setup 'display_obstacle:inst8|coin:shiny_coin|lfsr_clk'
Slack : -1.808
TNS   : -22.891

Type  : Slow 1100mV 0C Model Hold 'inst3|pll_inst|altera_pll_i|general[0].gpll~PLL_OUTPUT_COUNTER|divclk'
Slack : -1.211
TNS   : -2.512

Type  : Slow 1100mV 0C Model Hold 'MOUSE:inst2|MOUSE_CLK_FILTER'
Slack : 0.831
TNS   : 0.000

Type  : Slow 1100mV 0C Model Hold 'VGA_SYNC:inst1|vert_sync_out'
Slack : 0.841
TNS   : 0.000

Type  : Slow 1100mV 0C Model Hold 'display_obstacle:inst8|pipes:pipes1|lfsr_clk'
Slack : 0.889
TNS   : 0.000

Type  : Slow 1100mV 0C Model Hold 'display_obstacle:inst8|pipes:pipes2|lfsr_clk'
Slack : 0.894
TNS   : 0.000

Type  : Slow 1100mV 0C Model Hold 'display_obstacle:inst8|coin:shiny_coin|lfsr_clk'
Slack : 0.913
TNS   : 0.000

Type  : Slow 1100mV 0C Model Recovery 'MOUSE:inst2|MOUSE_CLK_FILTER'
Slack : -6.793
TNS   : -104.918

Type  : Slow 1100mV 0C Model Recovery 'VGA_SYNC:inst1|vert_sync_out'
Slack : -6.701
TNS   : -305.019

Type  : Slow 1100mV 0C Model Recovery 'inst3|pll_inst|altera_pll_i|general[0].gpll~PLL_OUTPUT_COUNTER|divclk'
Slack : 36.824
TNS   : 0.000

Type  : Slow 1100mV 0C Model Removal 'inst3|pll_inst|altera_pll_i|general[0].gpll~PLL_OUTPUT_COUNTER|divclk'
Slack : 1.314
TNS   : 0.000

Type  : Slow 1100mV 0C Model Removal 'VGA_SYNC:inst1|vert_sync_out'
Slack : 5.258
TNS   : 0.000

Type  : Slow 1100mV 0C Model Removal 'MOUSE:inst2|MOUSE_CLK_FILTER'
Slack : 5.616
TNS   : 0.000

Type  : Slow 1100mV 0C Model Minimum Pulse Width 'VGA_SYNC:inst1|vert_sync_out'
Slack : -0.538
TNS   : -49.553

Type  : Slow 1100mV 0C Model Minimum Pulse Width 'MOUSE:inst2|MOUSE_CLK_FILTER'
Slack : -0.538
TNS   : -29.618

Type  : Slow 1100mV 0C Model Minimum Pulse Width 'display_obstacle:inst8|pipes:pipes2|lfsr_clk'
Slack : -0.538
TNS   : -13.315

Type  : Slow 1100mV 0C Model Minimum Pulse Width 'display_obstacle:inst8|coin:shiny_coin|lfsr_clk'
Slack : -0.538
TNS   : -11.064

Type  : Slow 1100mV 0C Model Minimum Pulse Width 'display_obstacle:inst8|pipes:pipes1|lfsr_clk'
Slack : -0.538
TNS   : -10.819

Type  : Slow 1100mV 0C Model Minimum Pulse Width 'inst3|pll_inst|altera_pll_i|general[0].gpll~FRACTIONAL_PLL|vcoph[0]'
Slack : 1.666
TNS   : 0.000

Type  : Slow 1100mV 0C Model Minimum Pulse Width 'clk'
Slack : 9.980
TNS   : 0.000

Type  : Slow 1100mV 0C Model Minimum Pulse Width 'inst3|pll_inst|altera_pll_i|general[0].gpll~PLL_OUTPUT_COUNTER|divclk'
Slack : 18.586
TNS   : 0.000

Type  : Fast 1100mV 85C Model Setup 'VGA_SYNC:inst1|vert_sync_out'
Slack : -5.826
TNS   : -209.621

Type  : Fast 1100mV 85C Model Setup 'inst3|pll_inst|altera_pll_i|general[0].gpll~PLL_OUTPUT_COUNTER|divclk'
Slack : -3.987
TNS   : -72.513

Type  : Fast 1100mV 85C Model Setup 'MOUSE:inst2|MOUSE_CLK_FILTER'
Slack : -3.953
TNS   : -136.575

Type  : Fast 1100mV 85C Model Setup 'display_obstacle:inst8|pipes:pipes1|lfsr_clk'
Slack : -1.500
TNS   : -10.668

Type  : Fast 1100mV 85C Model Setup 'display_obstacle:inst8|pipes:pipes2|lfsr_clk'
Slack : -0.908
TNS   : -12.207

Type  : Fast 1100mV 85C Model Setup 'display_obstacle:inst8|coin:shiny_coin|lfsr_clk'
Slack : -0.708
TNS   : -8.346

Type  : Fast 1100mV 85C Model Hold 'inst3|pll_inst|altera_pll_i|general[0].gpll~PLL_OUTPUT_COUNTER|divclk'
Slack : -1.173
TNS   : -2.548

Type  : Fast 1100mV 85C Model Hold 'MOUSE:inst2|MOUSE_CLK_FILTER'
Slack : 0.347
TNS   : 0.000

Type  : Fast 1100mV 85C Model Hold 'display_obstacle:inst8|pipes:pipes2|lfsr_clk'
Slack : 0.405
TNS   : 0.000

Type  : Fast 1100mV 85C Model Hold 'display_obstacle:inst8|pipes:pipes1|lfsr_clk'
Slack : 0.415
TNS   : 0.000

Type  : Fast 1100mV 85C Model Hold 'display_obstacle:inst8|coin:shiny_coin|lfsr_clk'
Slack : 0.442
TNS   : 0.000

Type  : Fast 1100mV 85C Model Hold 'VGA_SYNC:inst1|vert_sync_out'
Slack : 0.466
TNS   : 0.000

Type  : Fast 1100mV 85C Model Recovery 'MOUSE:inst2|MOUSE_CLK_FILTER'
Slack : -3.322
TNS   : -50.861

Type  : Fast 1100mV 85C Model Recovery 'VGA_SYNC:inst1|vert_sync_out'
Slack : -3.189
TNS   : -139.003

Type  : Fast 1100mV 85C Model Recovery 'inst3|pll_inst|altera_pll_i|general[0].gpll~PLL_OUTPUT_COUNTER|divclk'
Slack : 38.037
TNS   : 0.000

Type  : Fast 1100mV 85C Model Removal 'inst3|pll_inst|altera_pll_i|general[0].gpll~PLL_OUTPUT_COUNTER|divclk'
Slack : 0.615
TNS   : 0.000

Type  : Fast 1100mV 85C Model Removal 'VGA_SYNC:inst1|vert_sync_out'
Slack : 2.483
TNS   : 0.000

Type  : Fast 1100mV 85C Model Removal 'MOUSE:inst2|MOUSE_CLK_FILTER'
Slack : 2.935
TNS   : 0.000

Type  : Fast 1100mV 85C Model Minimum Pulse Width 'VGA_SYNC:inst1|vert_sync_out'
Slack : -0.055
TNS   : -0.942

Type  : Fast 1100mV 85C Model Minimum Pulse Width 'MOUSE:inst2|MOUSE_CLK_FILTER'
Slack : 0.050
TNS   : 0.000

Type  : Fast 1100mV 85C Model Minimum Pulse Width 'display_obstacle:inst8|coin:shiny_coin|lfsr_clk'
Slack : 0.092
TNS   : 0.000

Type  : Fast 1100mV 85C Model Minimum Pulse Width 'display_obstacle:inst8|pipes:pipes2|lfsr_clk'
Slack : 0.093
TNS   : 0.000

Type  : Fast 1100mV 85C Model Minimum Pulse Width 'display_obstacle:inst8|pipes:pipes1|lfsr_clk'
Slack : 0.144
TNS   : 0.000

Type  : Fast 1100mV 85C Model Minimum Pulse Width 'inst3|pll_inst|altera_pll_i|general[0].gpll~FRACTIONAL_PLL|vcoph[0]'
Slack : 1.666
TNS   : 0.000

Type  : Fast 1100mV 85C Model Minimum Pulse Width 'clk'
Slack : 9.643
TNS   : 0.000

Type  : Fast 1100mV 85C Model Minimum Pulse Width 'inst3|pll_inst|altera_pll_i|general[0].gpll~PLL_OUTPUT_COUNTER|divclk'
Slack : 18.900
TNS   : 0.000

Type  : Fast 1100mV 0C Model Setup 'VGA_SYNC:inst1|vert_sync_out'
Slack : -5.250
TNS   : -198.160

Type  : Fast 1100mV 0C Model Setup 'MOUSE:inst2|MOUSE_CLK_FILTER'
Slack : -3.817
TNS   : -131.328

Type  : Fast 1100mV 0C Model Setup 'inst3|pll_inst|altera_pll_i|general[0].gpll~PLL_OUTPUT_COUNTER|divclk'
Slack : -3.194
TNS   : -54.837

Type  : Fast 1100mV 0C Model Setup 'display_obstacle:inst8|pipes:pipes1|lfsr_clk'
Slack : -1.246
TNS   : -8.700

Type  : Fast 1100mV 0C Model Setup 'display_obstacle:inst8|pipes:pipes2|lfsr_clk'
Slack : -0.727
TNS   : -9.788

Type  : Fast 1100mV 0C Model Setup 'display_obstacle:inst8|coin:shiny_coin|lfsr_clk'
Slack : -0.572
TNS   : -6.770

Type  : Fast 1100mV 0C Model Hold 'inst3|pll_inst|altera_pll_i|general[0].gpll~PLL_OUTPUT_COUNTER|divclk'
Slack : -1.294
TNS   : -3.849

Type  : Fast 1100mV 0C Model Hold 'MOUSE:inst2|MOUSE_CLK_FILTER'
Slack : 0.335
TNS   : 0.000

Type  : Fast 1100mV 0C Model Hold 'display_obstacle:inst8|pipes:pipes2|lfsr_clk'
Slack : 0.375
TNS   : 0.000

Type  : Fast 1100mV 0C Model Hold 'VGA_SYNC:inst1|vert_sync_out'
Slack : 0.390
TNS   : 0.000

Type  : Fast 1100mV 0C Model Hold 'display_obstacle:inst8|pipes:pipes1|lfsr_clk'
Slack : 0.398
TNS   : 0.000

Type  : Fast 1100mV 0C Model Hold 'display_obstacle:inst8|coin:shiny_coin|lfsr_clk'
Slack : 0.407
TNS   : 0.000

Type  : Fast 1100mV 0C Model Recovery 'MOUSE:inst2|MOUSE_CLK_FILTER'
Slack : -3.227
TNS   : -49.570

Type  : Fast 1100mV 0C Model Recovery 'VGA_SYNC:inst1|vert_sync_out'
Slack : -3.061
TNS   : -134.884

Type  : Fast 1100mV 0C Model Recovery 'inst3|pll_inst|altera_pll_i|general[0].gpll~PLL_OUTPUT_COUNTER|divclk'
Slack : 38.259
TNS   : 0.000

Type  : Fast 1100mV 0C Model Removal 'inst3|pll_inst|altera_pll_i|general[0].gpll~PLL_OUTPUT_COUNTER|divclk'
Slack : 0.556
TNS   : 0.000

Type  : Fast 1100mV 0C Model Removal 'VGA_SYNC:inst1|vert_sync_out'
Slack : 2.472
TNS   : 0.000

Type  : Fast 1100mV 0C Model Removal 'MOUSE:inst2|MOUSE_CLK_FILTER'
Slack : 2.932
TNS   : 0.000

Type  : Fast 1100mV 0C Model Minimum Pulse Width 'VGA_SYNC:inst1|vert_sync_out'
Slack : -0.018
TNS   : -0.087

Type  : Fast 1100mV 0C Model Minimum Pulse Width 'MOUSE:inst2|MOUSE_CLK_FILTER'
Slack : 0.064
TNS   : 0.000

Type  : Fast 1100mV 0C Model Minimum Pulse Width 'display_obstacle:inst8|coin:shiny_coin|lfsr_clk'
Slack : 0.086
TNS   : 0.000

Type  : Fast 1100mV 0C Model Minimum Pulse Width 'display_obstacle:inst8|pipes:pipes2|lfsr_clk'
Slack : 0.112
TNS   : 0.000

Type  : Fast 1100mV 0C Model Minimum Pulse Width 'display_obstacle:inst8|pipes:pipes1|lfsr_clk'
Slack : 0.128
TNS   : 0.000

Type  : Fast 1100mV 0C Model Minimum Pulse Width 'inst3|pll_inst|altera_pll_i|general[0].gpll~FRACTIONAL_PLL|vcoph[0]'
Slack : 1.666
TNS   : 0.000

Type  : Fast 1100mV 0C Model Minimum Pulse Width 'clk'
Slack : 9.632
TNS   : 0.000

Type  : Fast 1100mV 0C Model Minimum Pulse Width 'inst3|pll_inst|altera_pll_i|general[0].gpll~PLL_OUTPUT_COUNTER|divclk'
Slack : 18.900
TNS   : 0.000

------------------------------------------------------------
