------------------------------------------------------------
Timing Analyzer Summary
------------------------------------------------------------

Type  : Slow 1100mV 85C Model Setup 'VGA_SYNC:inst1|vert_sync_out'
Slack : -11.031
TNS   : -461.033

Type  : Slow 1100mV 85C Model Setup 'MOUSE:inst2|MOUSE_CLK_FILTER'
Slack : -8.174
TNS   : -287.669

Type  : Slow 1100mV 85C Model Setup 'inst3|pll_inst|altera_pll_i|general[0].gpll~PLL_OUTPUT_COUNTER|divclk'
Slack : -6.650
TNS   : -111.707

Type  : Slow 1100mV 85C Model Setup 'display_obstacle:inst8|pipes:pipes2|lfsr_clk'
Slack : -3.457
TNS   : -33.972

Type  : Slow 1100mV 85C Model Setup 'display_obstacle:inst8|coin:shiny_coin|lfsr_clk'
Slack : -2.152
TNS   : -24.807

Type  : Slow 1100mV 85C Model Setup 'display_obstacle:inst8|pipes:pipes1|lfsr_clk'
Slack : -2.093
TNS   : -25.312

Type  : Slow 1100mV 85C Model Hold 'inst3|pll_inst|altera_pll_i|general[0].gpll~PLL_OUTPUT_COUNTER|divclk'
Slack : -4.753
TNS   : -27.651

Type  : Slow 1100mV 85C Model Hold 'display_obstacle:inst8|pipes:pipes2|lfsr_clk'
Slack : 0.278
TNS   : 0.000

Type  : Slow 1100mV 85C Model Hold 'VGA_SYNC:inst1|vert_sync_out'
Slack : 0.668
TNS   : 0.000

Type  : Slow 1100mV 85C Model Hold 'display_obstacle:inst8|coin:shiny_coin|lfsr_clk'
Slack : 0.691
TNS   : 0.000

Type  : Slow 1100mV 85C Model Hold 'display_obstacle:inst8|pipes:pipes1|lfsr_clk'
Slack : 0.701
TNS   : 0.000

Type  : Slow 1100mV 85C Model Hold 'MOUSE:inst2|MOUSE_CLK_FILTER'
Slack : 0.767
TNS   : 0.000

Type  : Slow 1100mV 85C Model Recovery 'MOUSE:inst2|MOUSE_CLK_FILTER'
Slack : -7.107
TNS   : -111.447

Type  : Slow 1100mV 85C Model Recovery 'VGA_SYNC:inst1|vert_sync_out'
Slack : -6.817
TNS   : -323.665

Type  : Slow 1100mV 85C Model Recovery 'inst3|pll_inst|altera_pll_i|general[0].gpll~PLL_OUTPUT_COUNTER|divclk'
Slack : 35.697
TNS   : 0.000

Type  : Slow 1100mV 85C Model Removal 'inst3|pll_inst|altera_pll_i|general[0].gpll~PLL_OUTPUT_COUNTER|divclk'
Slack : 1.167
TNS   : 0.000

Type  : Slow 1100mV 85C Model Removal 'VGA_SYNC:inst1|vert_sync_out'
Slack : 4.407
TNS   : 0.000

Type  : Slow 1100mV 85C Model Removal 'MOUSE:inst2|MOUSE_CLK_FILTER'
Slack : 5.882
TNS   : 0.000

Type  : Slow 1100mV 85C Model Minimum Pulse Width 'VGA_SYNC:inst1|vert_sync_out'
Slack : -0.570
TNS   : -49.216

Type  : Slow 1100mV 85C Model Minimum Pulse Width 'MOUSE:inst2|MOUSE_CLK_FILTER'
Slack : -0.538
TNS   : -30.494

Type  : Slow 1100mV 85C Model Minimum Pulse Width 'display_obstacle:inst8|pipes:pipes1|lfsr_clk'
Slack : -0.538
TNS   : -13.003

Type  : Slow 1100mV 85C Model Minimum Pulse Width 'display_obstacle:inst8|pipes:pipes2|lfsr_clk'
Slack : -0.538
TNS   : -12.092

Type  : Slow 1100mV 85C Model Minimum Pulse Width 'display_obstacle:inst8|coin:shiny_coin|lfsr_clk'
Slack : -0.538
TNS   : -11.108

Type  : Slow 1100mV 85C Model Minimum Pulse Width 'inst3|pll_inst|altera_pll_i|general[0].gpll~FRACTIONAL_PLL|vcoph[0]'
Slack : 1.666
TNS   : 0.000

Type  : Slow 1100mV 85C Model Minimum Pulse Width 'clk'
Slack : 9.949
TNS   : 0.000

Type  : Slow 1100mV 85C Model Minimum Pulse Width 'inst3|pll_inst|altera_pll_i|general[0].gpll~PLL_OUTPUT_COUNTER|divclk'
Slack : 18.639
TNS   : 0.000

Type  : Slow 1100mV 0C Model Setup 'VGA_SYNC:inst1|vert_sync_out'
Slack : -11.354
TNS   : -462.952

Type  : Slow 1100mV 0C Model Setup 'MOUSE:inst2|MOUSE_CLK_FILTER'
Slack : -8.217
TNS   : -283.229

Type  : Slow 1100mV 0C Model Setup 'inst3|pll_inst|altera_pll_i|general[0].gpll~PLL_OUTPUT_COUNTER|divclk'
Slack : -6.662
TNS   : -100.870

Type  : Slow 1100mV 0C Model Setup 'display_obstacle:inst8|pipes:pipes2|lfsr_clk'
Slack : -3.295
TNS   : -32.270

Type  : Slow 1100mV 0C Model Setup 'display_obstacle:inst8|coin:shiny_coin|lfsr_clk'
Slack : -2.068
TNS   : -23.786

Type  : Slow 1100mV 0C Model Setup 'display_obstacle:inst8|pipes:pipes1|lfsr_clk'
Slack : -2.049
TNS   : -24.232

Type  : Slow 1100mV 0C Model Hold 'inst3|pll_inst|altera_pll_i|general[0].gpll~PLL_OUTPUT_COUNTER|divclk'
Slack : -4.743
TNS   : -31.857

Type  : Slow 1100mV 0C Model Hold 'display_obstacle:inst8|pipes:pipes2|lfsr_clk'
Slack : 0.300
TNS   : 0.000

Type  : Slow 1100mV 0C Model Hold 'VGA_SYNC:inst1|vert_sync_out'
Slack : 0.665
TNS   : 0.000

Type  : Slow 1100mV 0C Model Hold 'display_obstacle:inst8|pipes:pipes1|lfsr_clk'
Slack : 0.708
TNS   : 0.000

Type  : Slow 1100mV 0C Model Hold 'display_obstacle:inst8|coin:shiny_coin|lfsr_clk'
Slack : 0.713
TNS   : 0.000

Type  : Slow 1100mV 0C Model Hold 'MOUSE:inst2|MOUSE_CLK_FILTER'
Slack : 0.741
TNS   : 0.000

Type  : Slow 1100mV 0C Model Recovery 'MOUSE:inst2|MOUSE_CLK_FILTER'
Slack : -7.030
TNS   : -110.642

Type  : Slow 1100mV 0C Model Recovery 'VGA_SYNC:inst1|vert_sync_out'
Slack : -6.830
TNS   : -325.361

Type  : Slow 1100mV 0C Model Recovery 'inst3|pll_inst|altera_pll_i|general[0].gpll~PLL_OUTPUT_COUNTER|divclk'
Slack : 35.914
TNS   : 0.000

Type  : Slow 1100mV 0C Model Removal 'inst3|pll_inst|altera_pll_i|general[0].gpll~PLL_OUTPUT_COUNTER|divclk'
Slack : 1.076
TNS   : 0.000

Type  : Slow 1100mV 0C Model Removal 'VGA_SYNC:inst1|vert_sync_out'
Slack : 4.611
TNS   : 0.000

Type  : Slow 1100mV 0C Model Removal 'MOUSE:inst2|MOUSE_CLK_FILTER'
Slack : 6.026
TNS   : 0.000

Type  : Slow 1100mV 0C Model Minimum Pulse Width 'VGA_SYNC:inst1|vert_sync_out'
Slack : -0.578
TNS   : -49.007

Type  : Slow 1100mV 0C Model Minimum Pulse Width 'MOUSE:inst2|MOUSE_CLK_FILTER'
Slack : -0.538
TNS   : -28.876

Type  : Slow 1100mV 0C Model Minimum Pulse Width 'display_obstacle:inst8|pipes:pipes1|lfsr_clk'
Slack : -0.538
TNS   : -12.301

Type  : Slow 1100mV 0C Model Minimum Pulse Width 'display_obstacle:inst8|pipes:pipes2|lfsr_clk'
Slack : -0.538
TNS   : -12.027

Type  : Slow 1100mV 0C Model Minimum Pulse Width 'display_obstacle:inst8|coin:shiny_coin|lfsr_clk'
Slack : -0.538
TNS   : -10.978

Type  : Slow 1100mV 0C Model Minimum Pulse Width 'inst3|pll_inst|altera_pll_i|general[0].gpll~FRACTIONAL_PLL|vcoph[0]'
Slack : 1.666
TNS   : 0.000

Type  : Slow 1100mV 0C Model Minimum Pulse Width 'clk'
Slack : 9.980
TNS   : 0.000

Type  : Slow 1100mV 0C Model Minimum Pulse Width 'inst3|pll_inst|altera_pll_i|general[0].gpll~PLL_OUTPUT_COUNTER|divclk'
Slack : 18.589
TNS   : 0.000

Type  : Fast 1100mV 85C Model Setup 'VGA_SYNC:inst1|vert_sync_out'
Slack : -5.649
TNS   : -219.512

Type  : Fast 1100mV 85C Model Setup 'MOUSE:inst2|MOUSE_CLK_FILTER'
Slack : -4.055
TNS   : -138.801

Type  : Fast 1100mV 85C Model Setup 'inst3|pll_inst|altera_pll_i|general[0].gpll~PLL_OUTPUT_COUNTER|divclk'
Slack : -3.723
TNS   : -68.108

Type  : Fast 1100mV 85C Model Setup 'display_obstacle:inst8|pipes:pipes2|lfsr_clk'
Slack : -1.754
TNS   : -14.996

Type  : Fast 1100mV 85C Model Setup 'display_obstacle:inst8|coin:shiny_coin|lfsr_clk'
Slack : -0.851
TNS   : -9.352

Type  : Fast 1100mV 85C Model Setup 'display_obstacle:inst8|pipes:pipes1|lfsr_clk'
Slack : -0.762
TNS   : -9.354

Type  : Fast 1100mV 85C Model Hold 'inst3|pll_inst|altera_pll_i|general[0].gpll~PLL_OUTPUT_COUNTER|divclk'
Slack : -2.448
TNS   : -17.383

Type  : Fast 1100mV 85C Model Hold 'display_obstacle:inst8|pipes:pipes2|lfsr_clk'
Slack : 0.028
TNS   : 0.000

Type  : Fast 1100mV 85C Model Hold 'VGA_SYNC:inst1|vert_sync_out'
Slack : 0.229
TNS   : 0.000

Type  : Fast 1100mV 85C Model Hold 'MOUSE:inst2|MOUSE_CLK_FILTER'
Slack : 0.347
TNS   : 0.000

Type  : Fast 1100mV 85C Model Hold 'display_obstacle:inst8|coin:shiny_coin|lfsr_clk'
Slack : 0.356
TNS   : 0.000

Type  : Fast 1100mV 85C Model Hold 'display_obstacle:inst8|pipes:pipes1|lfsr_clk'
Slack : 0.364
TNS   : 0.000

Type  : Fast 1100mV 85C Model Recovery 'MOUSE:inst2|MOUSE_CLK_FILTER'
Slack : -3.500
TNS   : -54.546

Type  : Fast 1100mV 85C Model Recovery 'VGA_SYNC:inst1|vert_sync_out'
Slack : -3.207
TNS   : -151.556

Type  : Fast 1100mV 85C Model Recovery 'inst3|pll_inst|altera_pll_i|general[0].gpll~PLL_OUTPUT_COUNTER|divclk'
Slack : 37.384
TNS   : 0.000

Type  : Fast 1100mV 85C Model Removal 'inst3|pll_inst|altera_pll_i|general[0].gpll~PLL_OUTPUT_COUNTER|divclk'
Slack : 0.555
TNS   : 0.000

Type  : Fast 1100mV 85C Model Removal 'VGA_SYNC:inst1|vert_sync_out'
Slack : 2.140
TNS   : 0.000

Type  : Fast 1100mV 85C Model Removal 'MOUSE:inst2|MOUSE_CLK_FILTER'
Slack : 3.176
TNS   : 0.000

Type  : Fast 1100mV 85C Model Minimum Pulse Width 'VGA_SYNC:inst1|vert_sync_out'
Slack : -0.204
TNS   : -0.824

Type  : Fast 1100mV 85C Model Minimum Pulse Width 'display_obstacle:inst8|pipes:pipes2|lfsr_clk'
Slack : -0.043
TNS   : -0.337

Type  : Fast 1100mV 85C Model Minimum Pulse Width 'display_obstacle:inst8|coin:shiny_coin|lfsr_clk'
Slack : 0.116
TNS   : 0.000

Type  : Fast 1100mV 85C Model Minimum Pulse Width 'display_obstacle:inst8|pipes:pipes1|lfsr_clk'
Slack : 0.117
TNS   : 0.000

Type  : Fast 1100mV 85C Model Minimum Pulse Width 'MOUSE:inst2|MOUSE_CLK_FILTER'
Slack : 0.133
TNS   : 0.000

Type  : Fast 1100mV 85C Model Minimum Pulse Width 'inst3|pll_inst|altera_pll_i|general[0].gpll~FRACTIONAL_PLL|vcoph[0]'
Slack : 1.666
TNS   : 0.000

Type  : Fast 1100mV 85C Model Minimum Pulse Width 'clk'
Slack : 9.643
TNS   : 0.000

Type  : Fast 1100mV 85C Model Minimum Pulse Width 'inst3|pll_inst|altera_pll_i|general[0].gpll~PLL_OUTPUT_COUNTER|divclk'
Slack : 18.899
TNS   : 0.000

Type  : Fast 1100mV 0C Model Setup 'VGA_SYNC:inst1|vert_sync_out'
Slack : -5.013
TNS   : -206.892

Type  : Fast 1100mV 0C Model Setup 'MOUSE:inst2|MOUSE_CLK_FILTER'
Slack : -3.911
TNS   : -133.565

Type  : Fast 1100mV 0C Model Setup 'inst3|pll_inst|altera_pll_i|general[0].gpll~PLL_OUTPUT_COUNTER|divclk'
Slack : -3.016
TNS   : -51.334

Type  : Fast 1100mV 0C Model Setup 'display_obstacle:inst8|pipes:pipes2|lfsr_clk'
Slack : -1.480
TNS   : -12.447

Type  : Fast 1100mV 0C Model Setup 'display_obstacle:inst8|coin:shiny_coin|lfsr_clk'
Slack : -0.705
TNS   : -7.709

Type  : Fast 1100mV 0C Model Setup 'display_obstacle:inst8|pipes:pipes1|lfsr_clk'
Slack : -0.606
TNS   : -7.571

Type  : Fast 1100mV 0C Model Hold 'inst3|pll_inst|altera_pll_i|general[0].gpll~PLL_OUTPUT_COUNTER|divclk'
Slack : -2.419
TNS   : -20.281

Type  : Fast 1100mV 0C Model Hold 'display_obstacle:inst8|pipes:pipes2|lfsr_clk'
Slack : 0.035
TNS   : 0.000

Type  : Fast 1100mV 0C Model Hold 'VGA_SYNC:inst1|vert_sync_out'
Slack : 0.222
TNS   : 0.000

Type  : Fast 1100mV 0C Model Hold 'display_obstacle:inst8|coin:shiny_coin|lfsr_clk'
Slack : 0.315
TNS   : 0.000

Type  : Fast 1100mV 0C Model Hold 'MOUSE:inst2|MOUSE_CLK_FILTER'
Slack : 0.329
TNS   : 0.000

Type  : Fast 1100mV 0C Model Hold 'display_obstacle:inst8|pipes:pipes1|lfsr_clk'
Slack : 0.334
TNS   : 0.000

Type  : Fast 1100mV 0C Model Recovery 'MOUSE:inst2|MOUSE_CLK_FILTER'
Slack : -3.383
TNS   : -52.862

Type  : Fast 1100mV 0C Model Recovery 'VGA_SYNC:inst1|vert_sync_out'
Slack : -3.068
TNS   : -145.861

Type  : Fast 1100mV 0C Model Recovery 'inst3|pll_inst|altera_pll_i|general[0].gpll~PLL_OUTPUT_COUNTER|divclk'
Slack : 37.716
TNS   : 0.000

Type  : Fast 1100mV 0C Model Removal 'inst3|pll_inst|altera_pll_i|general[0].gpll~PLL_OUTPUT_COUNTER|divclk'
Slack : 0.505
TNS   : 0.000

Type  : Fast 1100mV 0C Model Removal 'VGA_SYNC:inst1|vert_sync_out'
Slack : 2.160
TNS   : 0.000

Type  : Fast 1100mV 0C Model Removal 'MOUSE:inst2|MOUSE_CLK_FILTER'
Slack : 3.138
TNS   : 0.000

Type  : Fast 1100mV 0C Model Minimum Pulse Width 'VGA_SYNC:inst1|vert_sync_out'
Slack : -0.130
TNS   : -0.328

Type  : Fast 1100mV 0C Model Minimum Pulse Width 'display_obstacle:inst8|pipes:pipes2|lfsr_clk'
Slack : -0.023
TNS   : -0.180

Type  : Fast 1100mV 0C Model Minimum Pulse Width 'display_obstacle:inst8|coin:shiny_coin|lfsr_clk'
Slack : 0.121
TNS   : 0.000

Type  : Fast 1100mV 0C Model Minimum Pulse Width 'MOUSE:inst2|MOUSE_CLK_FILTER'
Slack : 0.124
TNS   : 0.000

Type  : Fast 1100mV 0C Model Minimum Pulse Width 'display_obstacle:inst8|pipes:pipes1|lfsr_clk'
Slack : 0.140
TNS   : 0.000

Type  : Fast 1100mV 0C Model Minimum Pulse Width 'inst3|pll_inst|altera_pll_i|general[0].gpll~FRACTIONAL_PLL|vcoph[0]'
Slack : 1.666
TNS   : 0.000

Type  : Fast 1100mV 0C Model Minimum Pulse Width 'clk'
Slack : 9.632
TNS   : 0.000

Type  : Fast 1100mV 0C Model Minimum Pulse Width 'inst3|pll_inst|altera_pll_i|general[0].gpll~PLL_OUTPUT_COUNTER|divclk'
Slack : 18.900
TNS   : 0.000

------------------------------------------------------------
